// Jest Snapshot v1, https://goo.gl/fbAQLP

exports[`TabResultTile renders correctly according to snapshot 1`] = `
<div
  className="tab-tile-container"
>
  <div
    className="tab-tile-icon-container"
    title="test-url"
  >
    <img
      src="https://icons.duckduckgo.com/ip3/null.ico"
    />
  </div>
  <div
    className="tab-tile-title-container"
    onClick={[Function]}
    title="Go to: null"
  >
    <div
      className="tab-tile-title"
    >
      test-phrase
    </div>
  </div>
  <div
    className="tab-tile-close-action-icon-container"
    onClick={[Function]}
    title="Close"
  >
    <div>
      +
    </div>
  </div>
</div>
`;

exports[`TabResultsList renders correctly according to snapshot 1`] = `
Object {
  "children": Array [
    Object {
      "children": Array [
        Object {
          "children": Array [
            Object {
              "children": Array [
                Object {
                  "children": null,
                  "props": Object {
                    "src": "https://icons.duckduckgo.com/ip3/null.ico",
                  },
                  "type": "img",
                },
              ],
              "props": Object {
                "className": "tab-tile-icon-container",
                "title": "",
              },
              "type": "div",
            },
            Object {
              "children": Array [
                Object {
                  "children": Array [
                    "some-results-for-test-phrase",
                  ],
                  "props": Object {
                    "className": "tab-tile-title",
                  },
                  "type": "div",
                },
              ],
              "props": Object {
                "className": "tab-tile-title-container",
                "title": "Go to: null",
              },
              "type": "div",
            },
            Object {
              "children": Array [
                Object {
                  "children": Array [
                    "+",
                  ],
                  "props": Object {},
                  "type": "div",
                },
              ],
              "props": Object {
                "className": "tab-tile-close-action-icon-container",
                "title": "Close",
              },
              "type": "div",
            },
          ],
          "props": Object {
            "className": "tab-tile-container",
          },
          "type": "div",
        },
      ],
      "props": Object {},
      "type": "li",
    },
  ],
  "props": Object {
    "className": "tab-search-results-list-container",
  },
  "type": "div",
}
`;
